../Core/Src/main.c:74:5:_write	1
../Core/Src/main.c:80:7:read_adc	4
../Core/Src/main.c:103:7:resistencia_media	2
../Core/Src/main.c:128:7:medir_resistencia_media	2
../Core/Src/main.c:139:9:resistencia_pwm	7
../Core/Src/main.c:168:6:criar_lut	3
../Core/Src/main.c:208:5:main	1
../Core/Src/main.c:274:6:SystemClock_Config	4
../Core/Src/main.c:316:13:MX_ADC1_Init	3
../Core/Src/main.c:346:13:MX_TIM3_Init	4
../Core/Src/main.c:383:13:MX_USART2_UART_Init	2
../Core/Src/main.c:402:13:MX_DMA_Init	1
../Core/Src/main.c:418:13:MX_GPIO_Init	1
../Core/Src/main.c:428:6:HAL_UARTEx_RxEventCallback	10
../Core/Src/main.c:469:6:Error_Handler	1
