../Core/Src/main.c:74:5:_write	24	static
../Core/Src/main.c:80:7:read_adc	32	static
../Core/Src/main.c:103:7:resistencia_media	16	static
../Core/Src/main.c:128:7:medir_resistencia_media	16	static
../Core/Src/main.c:139:9:resistencia_pwm	48	static
../Core/Src/main.c:168:6:criar_lut	32	static
../Core/Src/main.c:208:5:main	16	static
../Core/Src/main.c:274:6:SystemClock_Config	88	static
../Core/Src/main.c:316:13:MX_ADC1_Init	24	static
../Core/Src/main.c:346:13:MX_TIM3_Init	48	static
../Core/Src/main.c:383:13:MX_USART2_UART_Init	8	static
../Core/Src/main.c:402:13:MX_DMA_Init	16	static
../Core/Src/main.c:418:13:MX_GPIO_Init	24	static
../Core/Src/main.c:428:6:HAL_UARTEx_RxEventCallback	48	static
../Core/Src/main.c:469:6:Error_Handler	4	static,ignoring_inline_asm
